// Vitest Snapshot v1

exports[`ItemFirst > Component renders correctly 1`] = `
[
  <div
    className="group-heading-class"
  >
    Cities
  </div>,
  "Item",
]
`;
