// Vitest Snapshot v1

exports[`MatchingText > Component renders 1`] = `
[
  <strong>
    New
  </strong>,
  " York City",
]
`;

exports[`MatchingText > Text is highlighted for a "contains" item 1`] = `"Foo New Foo"`;
