// Vitest Snapshot v1

exports[`Turnstone > Turnstone component renders correctly 1`] = `"Container"`;
