// Vitest Snapshot v1

exports[`StateContextProvider > StateContextProvider component renders 1`] = `"Test"`;
