// Vitest Snapshot v1

exports[`TurnstoneContextProvider > TurnstoneContextProvider component renders 1`] = `"Test"`;
